// Jest Snapshot v1, https://goo.gl/fbAQLP

exports[`Header component matches snapshot 1`] = `
<DocumentFragment>
  <header>
    <h1>
      <a
        data-testid="header"
        href="/ "
      >
        Mateus Valdejao
      </a>
    </h1>
  </header>
</DocumentFragment>
`;
